============================= test session starts =============================
platform win32 -- Python 3.11.9, pytest-8.3.4, pluggy-1.5.0 -- C:\Users\rgave\AppData\Local\pypoetry\Cache\virtualenvs\optionlab-M7OP2qJc-py3.11\Scripts\python.exe
cachedir: .pytest_cache
benchmark: 4.0.0 (defaults: timer=time.perf_counter disable_gc=False min_rounds=5 min_time=0.000005 max_time=1.0 calibration_precision=10 warmup=False warmup_iterations=100000)
rootdir: G:\Meu Drive\Code\rgaveiga\optionlab
configfile: pyproject.toml
plugins: anyio-4.8.0, benchmark-4.0.0
collecting ... collected 137 items

tests/test_benchmarks.py::test_benchmark_run_strategy_full PASSED        [  0%]
tests/test_benchmarks.py::test_benchmark_run_strategy_pop_only PASSED    [  1%]
tests/test_benchmarks.py::test_benchmark_run_strategy_wide_domain PASSED [  2%]
tests/test_benchmarks.py::test_benchmark_run_strategy_wide_domain_coarse_step PASSED [  2%]
tests/test_benchmarks.py::test_benchmark_run_strategy_array_model PASSED [  3%]
tests/test_benchmarks.py::test_benchmark_get_bs_info_vectorized PASSED   [  4%]
tests/test_benchmarks.py::test_benchmark_get_implied_vol PASSED          [  5%]
tests/test_benchmarks.py::test_benchmark_get_nonbusiness_days PASSED     [  5%]
tests/test_black_scholes.py::test_put_call_parity[80.0-0.0] PASSED       [  6%]
tests/test_black_scholes.py::test_put_call_parity[80.0-0.03] PASSED      [  7%]
tests/test_black_scholes.py::test_put_call_parity[100.0-0.0] PASSED      [  8%]
tests/test_black_scholes.py::test_put_call_parity[100.0-0.03] PASSED     [  8%]
tests/test_black_scholes.py::test_put_call_parity[120.0-0.0] PASSED      [  9%]
tests/test_black_scholes.py::test_put_call_parity[120.0-0.03] PASSED     [ 10%]
tests/test_black_scholes.py::test_implied_vol_round_trip[call] PASSED    [ 10%]
tests/test_black_scholes.py::test_implied_vol_round_trip[put] PASSED     [ 11%]
tests/test_black_scholes.py::test_implied_vol_clamps_at_upper_bound PASSED [ 12%]
tests/test_black_scholes.py::test_implied_vol_clamps_at_lower_bound PASSED [ 13%]
tests/test_black_scholes.py::test_standalone_getters_match_get_bs_info PASSED [ 13%]
tests/test_black_scholes.py::test_probability_of_touch_itm_is_certain PASSED [ 14%]
tests/test_black_scholes.py::test_probability_of_touch_otm_in_unit_interval PASSED [ 15%]
tests/test_black_scholes.py::test_probability_of_touch_matches_get_bs_info PASSED [ 16%]
tests/test_black_scholes.py::test_invalid_option_type_raises PASSED      [ 16%]
tests/test_black_scholes.py::test_get_bs_info_vectorized_strikes PASSED  [ 17%]
tests/test_core.py::test_selected_calculations PASSED                    [ 18%]
tests/test_core.py::test_black_scholes PASSED                            [ 18%]
tests/test_core.py::test_covered_call PASSED                             [ 19%]
tests/test_core.py::test_covered_call_w_days_to_target PASSED            [ 20%]
tests/test_core.py::test_covered_call_w_prev_position PASSED             [ 21%]
tests/test_core.py::test_100_perc_itm PASSED                             [ 21%]
tests/test_core.py::test_short_straddle PASSED                           [ 22%]
tests/test_core.py::test_naked_call PASSED                               [ 23%]
tests/test_core.py::test_previous_naked_call PASSED                      [ 24%]
tests/test_core.py::test_previous_call_combined_with_currently_sold_call PASSED [ 24%]
tests/test_core.py::test_sold_call_considering_previous_loss PASSED      [ 25%]
tests/test_core.py::test_bought_call_using_previous_profit PASSED        [ 26%]
tests/test_core.py::test_3_legs PASSED                                   [ 27%]
tests/test_core.py::test_calendar_spread PASSED                          [ 27%]
tests/test_engine.py::test_array_model_pop_close_to_black_scholes PASSED [ 28%]
tests/test_engine.py::test_array_model_option_expiring_after_target_uses_volatility PASSED [ 29%]
tests/test_engine.py::test_closed_option_leg_bought PASSED               [ 29%]
tests/test_engine.py::test_closed_option_leg_sold PASSED                 [ 30%]
tests/test_engine.py::test_closed_position_leg_shifts_profit PASSED      [ 31%]
tests/test_engine.py::test_integer_expiration_beyond_target PASSED       [ 32%]
tests/test_engine.py::test_integer_expiration_matching_target PASSED     [ 32%]
tests/test_engine.py::test_integer_expiration_before_target_raises PASSED [ 33%]
tests/test_engine.py::test_discard_nonbusiness_days_changes_result PASSED [ 34%]
tests/test_engine.py::test_run_strategy_accepts_dict PASSED              [ 35%]
tests/test_engine.py::test_unknown_leg_type_rejected PASSED              [ 35%]
tests/test_engine.py::test_price_step_coarse_grid_close_to_default PASSED [ 36%]
tests/test_engine.py::test_price_step_must_be_positive PASSED            [ 37%]
tests/test_engine.py::test_array_model_does_not_populate_per_leg_profit_mc PASSED [ 37%]
tests/test_models.py::test_only_one_closed_position PASSED               [ 38%]
tests/test_models.py::test_validate_dates PASSED                         [ 39%]
tests/test_models.py::test_array_with_no_array PASSED                    [ 40%]
tests/test_models.py::test_stock_leg_field_bounds PASSED                 [ 40%]
tests/test_models.py::test_option_leg_field_bounds PASSED                [ 41%]
tests/test_models.py::test_option_expiration_as_nonpositive_int PASSED   [ 42%]
tests/test_models.py::test_inputs_field_bounds PASSED                    [ 43%]
tests/test_models.py::test_no_dates_and_no_days_to_target PASSED         [ 43%]
tests/test_models.py::test_outputs_str_excludes_internal_data PASSED     [ 44%]
tests/test_price_seq.py::test_covered_call_price_resolution[0.05] PASSED [ 45%]
tests/test_price_seq.py::test_covered_call_price_resolution[0.2] PASSED  [ 45%]
tests/test_price_seq.py::test_covered_call_price_resolution[0.5] PASSED  [ 46%]
tests/test_price_seq.py::test_covered_call_price_resolution[1.0] PASSED  [ 47%]
tests/test_price_seq.py::test_calendar_spread_price_resolution[0.05] PASSED [ 48%]
tests/test_price_seq.py::test_calendar_spread_price_resolution[0.2] PASSED [ 48%]
tests/test_price_seq.py::test_calendar_spread_price_resolution[0.5] PASSED [ 49%]
tests/test_price_seq.py::test_calendar_spread_price_resolution[1.0] PASSED [ 50%]
tests/test_profit.py::test_complete_profile_analytic_reference[stock-0.5594204551783997-19.64--13.3-domain0] PASSED [ 51%]
tests/test_profit.py::test_complete_profile_analytic_reference[stock-0.5594204551783997-19.64--13.3-domain1] PASSED [ 51%]
tests/test_profit.py::test_complete_profile_analytic_reference[stock-0.5594204551783997-19.64--13.3-domain2] PASSED [ 52%]
tests/test_profit.py::test_complete_profile_analytic_reference[call-0.4623849888709348-18.24--4.55-domain0] PASSED [ 53%]
tests/test_profit.py::test_complete_profile_analytic_reference[call-0.4623849888709348-18.24--4.55-domain1] PASSED [ 54%]
tests/test_profit.py::test_complete_profile_analytic_reference[call-0.4623849888709348-18.24--4.55-domain2] PASSED [ 54%]
tests/test_profit.py::test_partition_and_total_expectation[0.01] PASSED  [ 55%]
tests/test_profit.py::test_partition_and_total_expectation[0.0] PASSED   [ 56%]
tests/test_profit.py::test_partition_and_total_expectation[1.0] PASSED   [ 56%]
tests/test_profit.py::test_degenerate[0.2-0-0-1] PASSED                  [ 57%]
tests/test_profit.py::test_degenerate[0.2-0-0.01-0] PASSED               [ 58%]
tests/test_profit.py::test_degenerate[0-1-0-1] PASSED                    [ 59%]
tests/test_profit.py::test_degenerate[0-1-5.1271096376024055-1] PASSED   [ 59%]
tests/test_profit.py::test_single_point_constant[-1-0] PASSED            [ 60%]
tests/test_profit.py::test_single_point_constant[0.01-1] PASSED          [ 61%]
tests/test_profit.py::test_single_point_constant[1-1] PASSED             [ 62%]
tests/test_profit.py::test_invalid_interpolation_arrays[prices0-profits0] PASSED [ 62%]
tests/test_profit.py::test_invalid_interpolation_arrays[prices1-profits1] PASSED [ 63%]
tests/test_profit.py::test_invalid_interpolation_arrays[prices2-profits2] PASSED [ 64%]
tests/test_profit.py::test_invalid_interpolation_arrays[prices3-profits3] PASSED [ 64%]
tests/test_profit.py::test_invalid_interpolation_arrays[prices4-profits4] PASSED [ 65%]
tests/test_profit.py::test_invalid_interpolation_arrays[prices5-profits5] PASSED [ 66%]
tests/test_profit.py::test_disconnected_and_isolated_events PASSED       [ 67%]
tests/test_profit.py::test_right_tail_moment_is_representable PASSED     [ 67%]
tests/test_profit.py::test_off_grid_spreads[strikes0-quantities0] PASSED [ 68%]
tests/test_profit.py::test_off_grid_spreads[strikes1-quantities1] PASSED [ 69%]
tests/test_profit.py::test_pre_expiry_dividends_multiple_maturities[domain0] PASSED [ 70%]
tests/test_profit.py::test_pre_expiry_dividends_multiple_maturities[domain1] PASSED [ 70%]
tests/test_profit.py::test_zero_volatility_public_and_laplace_validation PASSED [ 71%]
tests/test_profit.py::test_deterministic_kink_has_explicit_greek_limitation PASSED [ 72%]
tests/test_profit.py::test_zero_volatility_before_expiration PASSED      [ 72%]
tests/test_profit.py::test_constant_plateau_on_target_retains_mass PASSED [ 73%]
tests/test_profit.py::test_pre_expiry_narrow_profit_region PASSED        [ 74%]
tests/test_support.py::test_create_price_seq_length_and_endpoints PASSED [ 75%]
tests/test_support.py::test_create_price_seq_invalid_range PASSED        [ 75%]
tests/test_support.py::test_create_price_seq_custom_step PASSED          [ 76%]
tests/test_support.py::test_create_price_seq_default_step_unchanged PASSED [ 77%]
tests/test_support.py::test_create_price_seq_coarse_step_keeps_cent_endpoints PASSED [ 78%]
tests/test_support.py::test_create_price_seq_invalid_step PASSED         [ 78%]
tests/test_support.py::test_get_payoff_call_and_put PASSED               [ 79%]
tests/test_support.py::test_get_pl_option_buy_sell_symmetry PASSED       [ 80%]
tests/test_support.py::test_get_pl_profile PASSED                        [ 81%]
tests/test_support.py::test_get_pl_profile_commission PASSED             [ 81%]
tests/test_support.py::test_get_pl_profile_stock PASSED                  [ 82%]
tests/test_support.py::test_get_pl_profile_bs_converges_to_payoff PASSED [ 83%]
tests/test_support.py::test_get_pl_profile_bs_buy_sell_symmetry PASSED   [ 83%]
tests/test_support.py::test_profit_range_always_profitable PASSED        [ 84%]
tests/test_support.py::test_profit_range_never_profitable PASSED         [ 85%]
tests/test_support.py::test_profit_range_single_rising_crossing PASSED   [ 86%]
tests/test_support.py::test_profit_range_single_falling_crossing PASSED  [ 86%]
tests/test_support.py::test_profit_range_middle_bump PASSED              [ 87%]
tests/test_support.py::test_get_sign_changes PASSED                      [ 88%]
tests/test_support.py::test_get_sign_changes_value_at_target PASSED      [ 89%]
tests/test_support.py::test_get_pop_array_inputs PASSED                  [ 89%]
tests/test_support.py::test_array_inputs_empty_raises PASSED             [ 90%]
tests/test_support.py::test_get_pop_black_scholes_probabilities_sum_to_one PASSED [ 91%]
tests/test_support.py::test_get_pop_black_scholes_expected_returns_sign PASSED [ 91%]
tests/test_support.py::test_pl_profiles_can_reuse_output_buffer PASSED   [ 92%]
tests/test_utils.py::test_nonbusiness_days_with_us_holiday PASSED        [ 93%]
tests/test_utils.py::test_nonbusiness_days_plain_week PASSED             [ 94%]
tests/test_utils.py::test_nonbusiness_days_country_specific PASSED       [ 94%]
tests/test_utils.py::test_nonbusiness_days_invalid_range PASSED          [ 95%]
tests/test_utils.py::test_get_pl_whole_strategy PASSED                   [ 96%]
tests/test_utils.py::test_get_pl_leg_zero PASSED                         [ 97%]
tests/test_utils.py::test_get_pl_leg_one PASSED                          [ 97%]
tests/test_utils.py::test_get_pl_leg_out_of_range_falls_back_to_strategy PASSED [ 98%]
tests/test_utils.py::test_pl_to_csv_whole_strategy PASSED                [ 99%]
tests/test_utils.py::test_pl_to_csv_leg_zero PASSED                      [100%]


------------------------------------------------------------------------------------------------- benchmark 'black-scholes': 2 tests ------------------------------------------------------------------------------------------------
Name (time in us)                                 Min                    Max                   Mean                StdDev                 Median                   IQR            Outliers          OPS            Rounds  Iterations
-------------------------------------------------------------------------------------------------------------------------------------------------------------------------------------------------------------------------------------
test_benchmark_get_implied_vol                18.0999 (1.0)      31,019.2000 (1.0)          23.4074 (1.0)        223.1704 (1.0)          19.2000 (1.0)          1.3000 (1.0)        6;3255  42,721.4704 (1.0)       19343           1
test_benchmark_get_bs_info_vectorized     36,970.9000 (>1000.0)  52,042.1000 (1.68)     39,772.0640 (>1000.0)  3,110.9632 (13.94)    39,126.5000 (>1000.0)  2,376.4000 (>1000.0)       2;2      25.1433 (0.00)         25           1
-------------------------------------------------------------------------------------------------------------------------------------------------------------------------------------------------------------------------------------

--------------------------------------------------------------------------------------------- benchmark 'engine': 2 tests ---------------------------------------------------------------------------------------------
Name (time in us)                             Min                   Max                Mean              StdDev              Median                 IQR            Outliers  OPS (Kops/s)            Rounds  Iterations
-----------------------------------------------------------------------------------------------------------------------------------------------------------------------------------------------------------------------
test_benchmark_run_strategy_pop_only     364.3000 (1.0)      2,124.8000 (1.57)     452.4565 (1.0)      121.8428 (1.0)      409.0001 (1.0)       68.9000 (1.0)       153;170        2.2102 (1.0)        1455           1
test_benchmark_run_strategy_full         542.1999 (1.49)     1,357.4001 (1.0)      790.6000 (1.75)     266.4357 (2.19)     715.2500 (1.75)     289.4501 (4.20)          1;1        1.2649 (0.57)          8           1
-----------------------------------------------------------------------------------------------------------------------------------------------------------------------------------------------------------------------

--------------------------------------------------- benchmark 'engine-mc': 1 tests --------------------------------------------------
Name (time in ms)                               Min      Max     Mean  StdDev   Median     IQR  Outliers      OPS  Rounds  Iterations
-------------------------------------------------------------------------------------------------------------------------------------
test_benchmark_run_strategy_array_model     35.3315  39.3024  37.8557  2.1938  38.9332  2.9782       1;0  26.4161       3           1
-------------------------------------------------------------------------------------------------------------------------------------

---------------------------------------------------------------------------------------------------- benchmark 'engine-wide': 2 tests ----------------------------------------------------------------------------------------------------
Name (time in us)                                              Min                   Max                  Mean              StdDev                Median                 IQR            Outliers         OPS            Rounds  Iterations
------------------------------------------------------------------------------------------------------------------------------------------------------------------------------------------------------------------------------------------
test_benchmark_run_strategy_wide_domain_coarse_step       428.8000 (1.0)        956.7001 (1.0)        647.0334 (1.0)      275.5715 (1.0)        555.6000 (1.0)      395.9250 (1.0)           1;0  1,545.5153 (1.0)           3           1
test_benchmark_run_strategy_wide_domain                 1,093.1999 (2.55)     2,088.1000 (2.18)     1,548.8000 (2.39)     502.7035 (1.82)     1,465.1000 (2.64)     746.1750 (1.88)          1;0    645.6612 (0.42)          3           1
------------------------------------------------------------------------------------------------------------------------------------------------------------------------------------------------------------------------------------------

---------------------------------------------------------- benchmark 'utils': 1 tests ----------------------------------------------------------
Name (time in us)                            Min         Max      Mean    StdDev    Median       IQR  Outliers  OPS (Kops/s)  Rounds  Iterations
------------------------------------------------------------------------------------------------------------------------------------------------
test_benchmark_get_nonbusiness_days     817.3999  2,869.9000  936.1436  196.6814  862.2500  123.6001     81;74        1.0682     814           1
------------------------------------------------------------------------------------------------------------------------------------------------

Legend:
  Outliers: 1 Standard Deviation from Mean; 1.5 IQR (InterQuartile Range) from 1st Quartile and 3rd Quartile.
  OPS: Operations Per Second, computed as 1 / Mean
============================ 137 passed in 11.26s =============================

RELATÓRIO E INTERPRETAÇÃO — 2026-09-07

Branch: fix_profit_ends, criado a partir de improve_performance_api_2.
Comando final: python -m pytest -v -o 'addopts='
Resultado: 137 testes aprovados, incluindo 8 benchmarks; nenhuma falha,
erro de coleta ou teste excluído. Código de saída do pytest: 0.
A saída completa da execução e as tabelas de benchmarks estão acima.

Verificações complementares:
- Black --check nos 10 arquivos Python alterados: aprovado.
- Ruff check --ignore E501 nos 10 arquivos Python alterados: aprovado.
- git diff --check: aprovado. Avisos LF/CRLF são conversões de final de linha
  configuradas pelo Git no Windows, não falhas de testes.
- Ruff no conjunto optionlab/tests encontrou 5 F401 preexistentes em
  optionlab/__init__.py: reexportações de Inputs, run_strategy, plot_pl, get_pl
  e pl_to_csv. Esse arquivo não foi alterado; os apontamentos não são falhas
  da suíte e foram mantidos fora do escopo da correção.

Interpretação das falhas intermediárias:
- Antes das alterações: 96 testes passaram e 8 benchmarks foram excluídos
  pela configuração padrão do projeto.
- A primeira execução após a correção produziu 23 falhas e 73 aprovações.
  As falhas eram referências de probabilidades e intervalos vinculadas à
  malha antiga. Exemplo: -1 + 2*(s-2) = 0.01 cruza em 2.505, e não no nó 3.
  As referências foram substituídas por fórmulas analíticas ou quadratura
  independente com precificação escalar, sem usar os helpers de produção
  como oráculo. Não houve aumento de tolerâncias para acomodar o erro antigo.
- Uma execução intermediária teve 20 falhas e 105 aprovações porque um patch
  de atualização dos testes excedeu o limite de argumentos do Windows e não
  foi aplicado. A aplicação em patches menores resolveu a inconsistência.
- Um teste adicional proposto para prazo zero em um fim de semana falhou
  porque a contagem vigente inclui pelo menos um dia. A premissa do teste
  estava incorreta: ele e o tratamento adicional foram removidos. Prazo zero
  permanece testado diretamente em BlackScholesModelInputs, que o aceita.
- Cinco apontamentos iniciais de estilo nos arquivos novos/alterados foram
  corrigidos (nomes ambíguos, lambda atribuída e import não utilizado).

Evidências da correção:
- 33 novas regressões: referências analíticas de ação e call; partição da
  probabilidade com tolerância 1e-12; esperança total antes do arredondamento;
  strikes e cruzamentos fora da malha; spreads; eventos desconectados;
  constantes e patamar no alvo; prazo/volatilidade zero; validação de arrays;
  caudas cujas CDFs usuais arredondam para 1; opções antes do vencimento com
  dividend yield e diferentes vencimentos; região lucrativa estreita.
- Ação do caso-base: PoP 0.5594204551783997, lucro condicional 19.64 e
  resultado condicional abaixo do alvo -13.30, inclusive no domínio 110–120.
- Call do caso-base: PoP 0.4623849888709348, lucro condicional 18.24 e
  resultado condicional abaixo do alvo -4.55, inclusive no domínio 50–90.
- Os testes antigos de estratégias e resolução também passaram a conferir
  probabilidades e intervalos por quadratura independente. As expectativas
  monetárias antigas desses cenários foram preservadas e continuam passando.

Limites numéricos documentados em README.md:
- Antes do vencimento, erro de probabilidade <= 1e-9 e erro da expectativa
  condicional <= 0.0005 antes do arredondamento; os limites não incluem erro
  de ponto flutuante. Caudas usam assíntotas com resíduos limitados.
- Falta de convergência após 60 refinamentos ou mais de 250000 nós gera
  RuntimeError; eventos muito raros podem atingir esse limite.
- Greeks no ponto de quebra determinístico são indefinidos e geram
  ValueError explícito; P/L e probabilidades funcionam desabilitando greeks.
- get_pop somente com arrays assume interpolação e extrapolação lineares;
  um único ponto define perfil constante. Não reconstrói strikes ausentes.
- PoP e expectativas Black-Scholes são neutras ao risco; o P/L é nominal,
  sem financiamento nem dividendos recebidos pela posição em ações.

Nenhum commit ou push foi realizado. solucao.MD foi preservado.
